../Core/MyApp/App/admin.c:118:6:DisplayVersion	120	static
../Core/MyApp/App/admin.c:154:6:DisplayMenu	16	static
../Core/MyApp/App/admin.c:194:6:error_HaltOS	16	static
../Core/MyApp/App/admin.c:212:6:CreateHandles	24	static
../Core/MyApp/App/admin.c:241:6:Timer1_Handler	8	static
../Core/MyApp/App/admin.c:266:6:CreateTasks	16	static
../Core/MyApp/App/admin.c:293:14:GetTaskhandle	24	static
../Core/MyApp/App/admin.c:314:6:SetTaskPriority	24	static
../Core/MyApp/App/admin.c:342:6:StartStopTask	64	static
../Core/MyApp/App/admin.c:376:6:DisplayTaskData	64	static
